<html>
<body>
<pre>
<h1>µVision Build Log</h1>
<h2>Tool Versions:</h2>
IDE-Version: ¦ÌVision V5.40.0.0
Copyright (C) 2024 ARM Ltd and ARM Germany GmbH. All rights reserved.
License Information: Yuna Celisse, ZJUNlict, LIC=585FJ-ULD3E-X78RZ-J0J3K-4DUAV-GHK1M
 
Tool Versions:
Toolchain:       MDK-ARM Plus  Version: 5.40.0.3
Toolchain Path:  C:\Users\YunaCelisse\AppData\Local\Keil_v5\ARM\ARMCLANG\Bin
C Compiler:      ArmClang.exe V6.22
Assembler:       Armasm.exe V6.22
Linker/Locator:  ArmLink.exe V6.22
Library Manager: ArmAr.exe V6.22
Hex Converter:   FromElf.exe V6.22
CPU DLL:         SARMCM3.DLL V5.40.0.3
Dialog DLL:      DCM.DLL V1.17.5.0
Target DLL:      Segger\JL2CM3.dll V2.99.44.0
Dialog DLL:      TCM.DLL V1.56.4.0
 
<h2>Project:</h2>
C:\Users\YunaCelisse\Desktop\Software\SSL\04. code\SSL CTLBRD V0.0.2\MDK-ARM\SSL CTLBRD V0.0.2.uvprojx
Project File Date:  04/28/2026

<h2>Output:</h2>
*** Using Compiler 'V6.22', folder: 'C:\Users\YunaCelisse\AppData\Local\Keil_v5\ARM\ARMCLANG\Bin'
Build target 'SSL CTLBRD V0.0.2'
compiling stm32f4xx_it.c...
compiling ssl_motor_board.c...
compiling clock.c...
compiling ssl_uart.c...
compiling main.c...
assembling startup_stm32f407xx.s...
compiling ssl_host_console.c...
compiling ssl_mpu6050.c...
compiling stm32f4xx_hal_flash_ex.c...
compiling stm32f4xx_hal_msp.c...
compiling stm32f4xx_hal_flash_ramfunc.c...
compiling ssl_chassis.c...
compiling mpu6050.c...
compiling mspm0_i2c.c...
compiling stm32f4xx_hal_gpio.c...
compiling stm32f4xx_hal_flash.c...
compiling ssl_i2c_bus.c...
compiling stm32f4xx_hal_pwr.c...
compiling stm32f4xx_hal_rcc_ex.c...
compiling stm32f4xx_hal_pwr_ex.c...
compiling stm32f4xx_hal_dma_ex.c...
compiling stm32f4xx_hal_exti.c...
compiling inv_mpu_dmp_motion_driver.c...
compiling stm32f4xx_hal_cortex.c...
compiling system_stm32f4xx.c...
compiling stm32f4xx_hal_dma.c...
compiling stm32f4xx_hal_rcc.c...
compiling stm32f4xx_hal.c...
compiling inv_mpu.c...
compiling stm32f4xx_hal_i2c.c...
linking...
Program Size: Code=31584 RO-data=4340 RW-data=168 ZI-data=1968  
FromELF: creating hex file...
"SSL CTLBRD V0.0.2\SSL CTLBRD V0_0_2.axf" - 0 Error(s), 0 Warning(s).

<h2>Software Packages used:</h2>

Package Vendor: ARM
                https://www.keil.com/pack/ARM.CMSIS.6.1.0.pack
                ARM::CMSIS@6.1.0
                CMSIS (Common Microcontroller Software Interface Standard)
   * Component: CORE Version: 6.1.0

Package Vendor: Keil
                https://www.keil.com/pack/Keil.STM32F4xx_DFP.3.1.1.pack
                Keil::STM32F4xx_DFP@3.1.1
                STMicroelectronics STM32F4 Series Device Support

<h2>Collection of Component include folders:</h2>
  ./RTE/_SSL_CTLBRD_V0.0.2
  C:/Users/YunaCelisse/AppData/Local/Arm/Packs/ARM/CMSIS/6.1.0/CMSIS/Core/Include

<h2>Collection of Component Files used:</h2>

   * Component: ARM::CMSIS:CORE@6.1.0
      Include file:  CMSIS/Core/Include/tz_context.h
Build Time Elapsed:  00:00:02
</pre>
</body>
</html>
